// Jest Snapshot v1, https://goo.gl/fbAQLP

exports[`Auth screen test should render as expected 1`] = `
<PasscodeAuth
  error={null}
  handlePasscodeSubmit={[Function]}
/>
`;
