// Jest Snapshot v1, https://goo.gl/fbAQLP

exports[`SetPasscode screen test should render as expected 1`] = `<PasscodeForm />`;
